kvsw5@kvsw5-PC MINGW64 ~
$ cd --

kvsw5@kvsw5-PC MINGW64 ~
$ cd desktop

kvsw5@kvsw5-PC MINGW64 ~/desktop
$ cd gitbasics

kvsw5@kvsw5-PC MINGW64 ~/desktop/gitbasics (master)
$ touch sample.txt

kvsw5@kvsw5-PC MINGW64 ~/desktop/gitbasics (master)
$ ls
gitbasics  sample.txt  sample1.txt

kvsw5@kvsw5-PC MINGW64 ~/desktop/gitbasics (master)
$ git init
Reinitialized existing Git repository in C:/Users/kvsw5/Desktop/gitbasics/.git/

kvsw5@kvsw5-PC MINGW64 ~/desktop/gitbasics (master)
$ git -a
unknown option: -a
usage: git [--version] [--help] [-C <path>] [-c <name>=<value>]
           [--exec-path[=<path>]] [--html-path] [--man-path] [--info-path]
           [-p | --paginate | -P | --no-pager] [--no-replace-objects] [--bare]
           [--git-dir=<path>] [--work-tree=<path>] [--namespace=<name>]
           <command> [<args>]

kvsw5@kvsw5-PC MINGW64 ~/desktop/gitbasics (master)
$ git config user.name "Madhavi433"

kvsw5@kvsw5-PC MINGW64 ~/desktop/gitbasics (master)
$ git config user.email "madhavireddy1706@gmail.com"

kvsw5@kvsw5-PC MINGW64 ~/desktop/gitbasics (master)
$ git remote add gitbasics https://github.com/Madhavi433/git-basics

kvsw5@kvsw5-PC MINGW64 ~/desktop/gitbasics (master)
$ git remote -v
gitbasics       https://github.com/Madhavi433/git-basics (fetch)
gitbasics       https://github.com/Madhavi433/git-basics (push)

kvsw5@kvsw5-PC MINGW64 ~/desktop/gitbasics (master)
$ git status
On branch master

No commits yet

Untracked files:
  (use "git add <file>..." to include in what will be committed)
        gitbasics
        sample.txt
        sample1.txt

nothing added to commit but untracked files present (use "git add" to track)

kvsw5@kvsw5-PC MINGW64 ~/desktop/gitbasics (master)
$ git status
On branch master

No commits yet

Untracked files:
  (use "git add <file>..." to include in what will be committed)
        gitbasics
        sample.txt
        sample1.txt

nothing added to commit but untracked files present (use "git add" to track)

kvsw5@kvsw5-PC MINGW64 ~/desktop/gitbasics (master)
$ git add sample.txt

kvsw5@kvsw5-PC MINGW64 ~/desktop/gitbasics (master)
$ git status
On branch master

No commits yet

Changes to be committed:
  (use "git rm --cached <file>..." to unstage)
        new file:   sample.txt

Untracked files:
  (use "git add <file>..." to include in what will be committed)
        gitbasics
        sample1.txt


kvsw5@kvsw5-PC MINGW64 ~/desktop/gitbasics (master)
$ git add sample1.txt

kvsw5@kvsw5-PC MINGW64 ~/desktop/gitbasics (master)
$ git status
On branch master

No commits yet

Changes to be committed:
  (use "git rm --cached <file>..." to unstage)
        new file:   sample.txt
        new file:   sample1.txt

Untracked files:
  (use "git add <file>..." to include in what will be committed)
        gitbasics


kvsw5@kvsw5-PC MINGW64 ~/desktop/gitbasics (master)
$ git add gitbasics

kvsw5@kvsw5-PC MINGW64 ~/desktop/gitbasics (master)
$ git commit -m "checking"
[master (root-commit) aac10b1] checking
 3 files changed, 0 insertions(+), 0 deletions(-)
 create mode 100644 gitbasics
 create mode 100644 sample.txt
 create mode 100644 sample1.txt

kvsw5@kvsw5-PC MINGW64 ~/desktop/gitbasics (master)
$ git log
commit aac10b18d6b92564fea041621ac9d12f26bbdef5 (HEAD -> master)
Author: Madhavi433 <madhavireddy1706@gmail.com>
Date:   Fri Aug 30 12:33:18 2019 +0530

    checking

kvsw5@kvsw5-PC MINGW64 ~/desktop/gitbasics (master)
$ git commit -m "checking"
On branch master
nothing to commit, working tree clean

kvsw5@kvsw5-PC MINGW64 ~/desktop/gitbasics (master)
$ git log
commit aac10b18d6b92564fea041621ac9d12f26bbdef5 (HEAD -> master)
Author: Madhavi433 <madhavireddy1706@gmail.com>
Date:   Fri Aug 30 12:33:18 2019 +0530

    checking

kvsw5@kvsw5-PC MINGW64 ~/desktop/gitbasics (master)
$ git push -u gitbasics master
fatal: TypeInitializationException encountered.
   The type initializer for '<Module>' threw an exception.
Enumerating objects: 3, done.
Counting objects: 100% (3/3), done.
Delta compression using up to 4 threads
Compressing objects: 100% (2/2), done.
Writing objects: 100% (3/3), 234 bytes | 234.00 KiB/s, done.
Total 3 (delta 0), reused 0 (delta 0)
To https://github.com/Madhavi433/git-basics
 * [new branch]      master -> master
Branch 'master' set up to track remote branch 'master' from 'gitbasics'.

kvsw5@kvsw5-PC MINGW64 ~/desktop/gitbasics (master)
$ git status
On branch master
Your branch is up to date with 'gitbasics/master'.

nothing to commit, working tree clean

kvsw5@kvsw5-PC MINGW64 ~/desktop/gitbasics (master)
$ git pull gitbasics master
remote: Enumerating objects: 4, done.
remote: Counting objects: 100% (4/4), done.
remote: Compressing objects: 100% (2/2), done.
remote: Total 3 (delta 0), reused 0 (delta 0), pack-reused 0
Unpacking objects: 100% (3/3), done.
From https://github.com/Madhavi433/git-basics
 * branch            master     -> FETCH_HEAD
   aac10b1..954d386  master     -> gitbasics/master
Updating aac10b1..954d386
Fast-forward
 README.md | 2 ++
 1 file changed, 2 insertions(+)
 create mode 100644 README.md

kvsw5@kvsw5-PC MINGW64 ~/desktop/gitbasics (master)
$ https://github.com/Madhavi433/git-basics
